
Primary:

Certificate:
    Data:
        Version: 3 (0x2)
        Serial Number: 2 (0x2)
        Signature Algorithm: md5WithRSAEncryption
        Issuer: O=Symbian Software Ltd, CN=Root5-RSA
        Validity
            Not Before: Mar  3 16:34:45 2004 GMT
            Not After : Mar  1 16:34:45 2014 GMT
        Subject: O=Symbian Software Ltd, CN=Good-R5
        Subject Public Key Info:
            Public Key Algorithm: rsaEncryption
            RSA Public Key: (1024 bit)
                Modulus (1024 bit):
                    00:d6:5d:a1:96:59:9f:1c:b8:3d:78:c5:34:f0:c0:
                    e2:74:33:27:b4:de:68:f1:aa:2c:9b:e4:71:11:8b:
                    f0:61:b5:22:45:9a:c8:7d:80:2e:6b:b5:ff:2f:64:
                    ce:e6:de:65:ec:43:8b:1c:9c:61:63:2d:17:97:ed:
                    a6:48:5d:02:5f:ae:b8:45:29:99:90:0b:14:d6:4d:
                    55:11:36:59:41:c6:c0:b2:38:6f:22:b8:71:17:a6:
                    93:28:34:9a:96:88:d4:38:fb:47:29:19:94:38:b5:
                    1b:af:2e:64:fc:18:ab:d3:f4:cf:0d:68:2c:c7:47:
                    a0:1a:57:a0:a5:18:29:7c:05
                Exponent: 65537 (0x10001)
        X509v3 extensions:
            X509v3 Extended Key Usage: 
            Code Signing
            X509v3 Certificate Policies: 
            Policy: 1.2.826.0.1.1796587.1

    Signature Algorithm: md5WithRSAEncryption
        27:e6:f5:a6:55:4b:d0:89:28:a7:08:c6:a9:b2:86:73:a1:34:
        31:e1:90:ef:fa:73:4a:53:33:72:14:2b:44:19:49:2a:13:f6:
        00:fd:f8:c5:5f:c7:62:17:e3:7f:a4:fd:e3:ee:e3:11:de:49:
        8f:fb:70:95:ee:5a:05:96:ee:75:4a:c2:4f:dd:6b:de:a1:45:
        c4:cf:33:58:a7:ea:f6:f4:dd:ae:4e:0a:c9:c2:ed:6f:5c:23:
        ae:44:0b:65:af:c4:8e:e1:b6:78:9c:62:0d:d7:64:21:38:d8:
        91:f1:d0:e7:ca:62:b5:1f:12:69:00:4f:bc:6a:50:db:d6:df:
        56:fb

Certificate:
    Data:
        Version: 3 (0x2)
        Serial Number: 0 (0x0)
        Signature Algorithm: md5WithRSAEncryption
        Issuer: O=Symbian Software Ltd, CN=Root5-RSA
        Validity
            Not Before: Mar  3 16:34:42 2004 GMT
            Not After : Mar  1 16:34:42 2014 GMT
        Subject: O=Symbian Software Ltd, CN=Root5-RSA
        Subject Public Key Info:
            Public Key Algorithm: rsaEncryption
            RSA Public Key: (1024 bit)
                Modulus (1024 bit):
                    00:b9:f5:79:cd:1b:e0:47:fa:21:cd:f6:fc:02:2c:
                    db:2d:e3:f1:2b:b4:1f:04:eb:93:b7:0c:bb:d3:f8:
                    9f:64:23:f9:69:93:2b:8b:a0:e0:39:b6:0c:27:08:
                    78:94:28:50:f9:49:d0:80:c5:fd:b1:13:f5:91:66:
                    7a:50:46:eb:86:6e:e8:53:3e:e4:78:8e:b0:bb:89:
                    b8:9b:26:26:32:36:37:9d:cf:bb:4f:fb:2d:77:ea:
                    3f:57:3b:7f:6d:2c:8b:35:8a:40:a9:45:b9:d2:0e:
                    3a:48:bd:65:a1:ff:1f:5c:a1:a4:a8:54:47:e3:67:
                    33:78:c5:30:aa:71:1f:7d:1b
                Exponent: 65537 (0x10001)
        X509v3 extensions:
            X509v3 Key Usage: critical
            Certificate Sign
            X509v3 Basic Constraints: critical
            CA:TRUE, pathlen:5
            X509v3 Subject Key Identifier: 
            7C:E3:06:29:51:16:20:72:14:D4:25:AF:FD:18:5B:6D:5E:48:AF:6F
    Signature Algorithm: md5WithRSAEncryption
        21:2f:d6:cd:37:f5:80:4d:7d:59:ff:77:16:66:fb:55:c3:2e:
        6a:e6:e8:e7:f9:a7:74:a3:07:3f:78:a2:c2:d5:f9:c3:6c:75:
        d3:f9:5b:e8:e6:76:d1:0b:da:ef:b1:df:77:e8:18:53:ce:90:
        3c:85:16:72:16:82:41:55:7c:02:8a:08:7e:f4:2b:69:62:25:
        60:d2:e4:3f:a6:bb:7d:b3:53:c2:9c:fc:91:74:9a:eb:2f:29:
        9f:c4:6e:e7:5d:25:2f:b1:ee:de:e4:06:5e:1f:16:0a:f5:d3:
        f0:0e:f1:83:a0:0f:50:15:e7:96:7d:06:37:f5:95:34:c7:64:
        c7:17
