Package Information:

Registry File :.\data\80000003\00000000.reg

Package UID :0x80000003
Package Name :Dummy Tester
Vendor :Vendor
Package Index :0
Drives :4
No of executables :0
Package Version :0.0.1000000
Languages :Unknown
Selected Drive :No Drive Selected
File Major Version :e0e1
File Minor Version :0
Package Vendor Localized Name :
Package Install Type :Installation
Is Package in ROM :No
Package Preinstalled :Yes
Package Signed :Yes
Package Trust :Unknown

