Package Information:

Registry File :.\data\811111fc\00000000.reg

Package UID :0x811111fc
Package Name :testexpressions_elseif
Vendor :Unique Vendor Name
Package Index :0
Drives :4
No of executables :0
Package Version :1.2.3
Languages :English
Selected Drive :C
File Major Version :4
File Minor Version :0
Package Vendor Localized Name :Vendor
Package Install Type :Installation
Is Package in ROM :No
Package Preinstalled :No
Package Signed :Yes
Package Trust :SisPackageCertificateChainValidatedToTrustAnchor
