Package Information:

Registry File :.\data\81111107\00000000.reg

Package UID :0x81111107
Package Name :MultiLanguageOption-FR
Vendor :Vendor
Package Index :0
Drives :4
No of executables :0
Package Version :1.2.3
Languages :French
Selected Drive :C
File Major Version :4
File Minor Version :0
Package Vendor Localized Name :Vendor
Package Install Type :Installation
Is Package in ROM :No
Package Preinstalled :No
Package Signed :Yes
Package Trust :SisPackageCertificateChainValidatedToTrustAnchor
