Package Information:

Registry File :.\data\a0000206\00000000.reg

Package UID :0xa0000206
Package Name :3 Data Files
Vendor :Symbian
Package Index :0
Drives :4
No of executables :0
Package Version :2.5.4
Languages :English
Selected Drive :No Drive Selected
File Major Version :4
File Minor Version :0
Package Vendor Localized Name :Symbian
Package Install Type :Installation
Is Package in ROM :No
Package Preinstalled :No
Package Signed :Yes
Package Trust :SisPackageCertificateChainValidatedToTrustAnchor
