DumpSWICertStoreTool Execution Error : DAT file specified is not a Permanent File Store

