Executable : 

!:\Documents\testarmv5\apparc.dll

FILE STATUS : Capabilities are not satisfied .

Missing Capabilities List :

CommDD
PowerMgmt
MultimediaDD
DRM
TrustedUI
ProtServ
DiskAdmin
NetworkControl
AllFiles
SwEvent
NetworkServices
LocalServices
Location
SurroundingsDD
UserEnvironment

Executable : 

!:\sys\bin\tswiallcapabilities.exe

FILE STATUS : Capabilities are satisfied by Signing Certificates .
		 in conjunction with User Capabilities

