-----BEGIN CERTIFICATE-----
MIIC2zCCAkSgAwIBAgIJANZj6mZ2eYydMA0GCSqGSIb3DQEBBAUAMIGLMQswCQYD
VQQGEwJVSzEPMA0GA1UEBxMGTG9uZG9uMS4wLAYDVQQDEyVUZXN0IHJvb3QgZm9y
IGRpZmZlcmVudCBzZXJpYWwgbnVtYmVyMRQwEgYDVQQKEwtTeW1iaWFuIEx0ZDEl
MCMGCSqGSIb3DQEJARYWbWFyay5ncm90aEBzeW1iaWFuLmNvbTAeFw0wNTA2MjIx
NDUwMzBaFw0xNTA2MjAxNDUwMzBaMIGLMQswCQYDVQQGEwJVSzEPMA0GA1UEBxMG
TG9uZG9uMS4wLAYDVQQDEyVUZXN0IHJvb3QgZm9yIGRpZmZlcmVudCBzZXJpYWwg
bnVtYmVyMRQwEgYDVQQKEwtTeW1iaWFuIEx0ZDElMCMGCSqGSIb3DQEJARYWbWFy
ay5ncm90aEBzeW1iaWFuLmNvbTCBnzANBgkqhkiG9w0BAQEFAAOBjQAwgYkCgYEA
vaGClR38AGz13wpANspCdLXWQqZSrdC047PFw7C78oHYan1YCHvwSliYNB1b6Uu0
u58gIj+WXAvMYyaWFtVGM77aFk8HY9d1ORWdUKUiaa6KmbnsjCztFpUJpeNjishB
72uTrDXjW5Wzvod8VjxENLqDyKuPBgiOSGRJOiXXe6UCAwEAAaNFMEMwHQYDVR0O
BBYEFHeY7egkRG79l5Ehv4rgpqVQtmBOMBIGA1UdEwEB/wQIMAYBAf8CAQUwDgYD
VR0PAQH/BAQDAgIEMA0GCSqGSIb3DQEBBAUAA4GBAJnho5KznW1kyyNBDrDMptUT
/C/vkxq7Yd0NBOOPn1eKHLKEQ1ruc5xyp0hc/RTetg/x/TYXkaj/RjGc07/2kuYM
id1EihBac3RDyjTMxDCAynohVlJTNcl2WSgacJ+vH9+pvumv+/PoHdmSe3ik/SZ2
TeXA+U4ui5Hexmmg0vIR
-----END CERTIFICATE-----
-----BEGIN CERTIFICATE-----
MIICITCCAYqgAwIBAgIBADANBgkqhkiG9w0BAQQFADAzMR0wGwYDVQQKExRTeW1i
aWFuIFNvZnR3YXJlIEx0ZDESMBAGA1UEAxMJUm9vdDUtUlNBMB4XDTA0MDMwMzE2
MzQ0MloXDTE0MDMwMTE2MzQ0MlowMzEdMBsGA1UEChMUU3ltYmlhbiBTb2Z0d2Fy
ZSBMdGQxEjAQBgNVBAMTCVJvb3Q1LVJTQTCBnzANBgkqhkiG9w0BAQEFAAOBjQAw
gYkCgYEAufV5zRvgR/ohzfb8AizbLePxK7QfBOuTtwy70/ifZCP5aZMri6DgObYM
Jwh4lChQ+UnQgMX9sRP1kWZ6UEbrhm7oUz7keI6wu4m4myYmMjY3nc+7T/std+o/
Vzt/bSyLNYpAqUW50g46SL1lof8fXKGkqFRH42czeMUwqnEffRsCAwEAAaNFMEMw
DgYDVR0PAQH/BAQDAgIEMBIGA1UdEwEB/wQIMAYBAf8CAQUwHQYDVR0OBBYEFHzj
BilRFiByFNQlr/0YW21eSK9vMA0GCSqGSIb3DQEBBAUAA4GBACEv1s039YBNfVn/
dxZm+1XDLmrm6Of5p3SjBz94osLV+cNsddP5W+jmdtEL2u+x33foGFPOkDyFFnIW
gkFVfAKKCH70K2liJWDS5D+mu32zU8Kc/JF0musvKZ/EbuddJS+x7t7kBl4fFgr1
0/AO8YOgD1AV55Z9Bjf1lTTHZMcX
-----END CERTIFICATE-----
-----BEGIN CERTIFICATE-----
MIIDUDCCArmgAwIBAgIJAJ61CA73w3nyMA0GCSqGSIb3DQEBBAUAMIGFMQswCQYD
VQQGEwJVSzEPMA0GA1UEBxMGTG9uZG9uMScwJQYDVQQDEx5SU0EgVGVzdFJvb3RS
U0EgQ2hhaW4gQ2VydCBPbmUxFDASBgNVBAoTC1N5bWJpYW4gTHRkMSYwJAYJKoZI
hvcNAQkBFhdqb2hhbi5ncm90aEBzeW1iaWFuLmNvbTAeFw0wNTA2MjEwOTIwNTJa
Fw0xNTA2MTkwOTIwNTJaMIGJMQswCQYDVQQGEwJVSzEPMA0GA1UEBxMGTG9uZG9u
MScwJQYDVQQDEx5SU0EgVGVzdFJvb3RSU0EgQ2hhaW4gQ2VydCBUd28xFDASBgNV
BAoTC1N5bWJpYW4gTHRkMSowKAYJKoZIhvcNAQkBFhtqYXNvbi5zaWJ0aG9ycGVA
c3ltYmlhbi5jb20wXDANBgkqhkiG9w0BAQEFAANLADBIAkEA5ba0KfBTqTFThm9C
cBE2t4ZHr29bB3y20gIfX6J6Id6LtoqK/LFCnhrFQGkELhopF06TVRmnuSDB1Rog
XAu0QQIDAQABo4IBBDCCAQAwHQYDVR0OBBYEFApt3sj57yeBz6r1YXVn7Wd9LFC3
MIG6BgNVHSMEgbIwga+AFPu9oMH/DvlUk17ovc9nFjarFLnnoYGLpIGIMIGFMQsw
CQYDVQQGEwJVSzEPMA0GA1UEBxMGTG9uZG9uMScwJQYDVQQDEx5SU0EgVGVzdFJv
b3RSU0EgQ2hhaW4gQ2VydCBPbmUxFDASBgNVBAoTC1N5bWJpYW4gTHRkMSYwJAYJ
KoZIhvcNAQkBFhdqb2hhbi5ncm90aEBzeW1iaWFuLmNvbYIJAOhKfiKE61ruMBIG
A1UdEwEB/wQIMAYBAf8CAQUwDgYDVR0PAQH/BAQDAgIEMA0GCSqGSIb3DQEBBAUA
A4GBAB2YcUZW+W7olHtj+2avDG/Zpt7cmW/1+6Zsrvd3pOCRImtSNgooaVbV9VRx
IpO0EqTFqeUyzpIVPWSQm5ngbYme71GCItcoVYGbFQPG/BENni8B+a1GYbJ6Bssw
TFmMRatmNgKpkL0jdP0nmXBV0GD6L8l0IofXrjadW8JGiQu4
-----END CERTIFICATE-----
-----BEGIN CERTIFICATE-----
MIICmzCCAgSgAwIBAgIJALiEmA11bk9gMA0GCSqGSIb3DQEBBAUAMIGLMQswCQYD
VQQGEwJVSzEPMA0GA1UEBxMGTG9uZG9uMS4wLAYDVQQDEyVUZXN0IHJvb3QgZm9y
IGRpZmZlcmVudCBzZXJpYWwgbnVtYmVyMRQwEgYDVQQKEwtTeW1iaWFuIEx0ZDEl
MCMGCSqGSIb3DQEJARYWbWFyay5ncm90aEBzeW1iaWFuLmNvbTAeFw0wNTA2MjIx
NDU0MTFaFw0xNTA2MjAxNDU0MTFaMIGPMQswCQYDVQQGEwJVSzEPMA0GA1UEBxMG
TG9uZG9uMTMwMQYDVQQDEypjaGFpbjEgZm9yIHRlc3RpbmcgZGlmZmVyZW50IHNl
cmlhbCBudW1iZXIxFDASBgNVBAoTC1N5bWJpYW4gTHRkMSQwIgYJKoZIhvcNAQkB
FhV0b20uZ3JvdGhAc3ltYmlhbi5jb20wXDANBgkqhkiG9w0BAQEFAANLADBIAkEA
4RUhCumO+lKF1i1b9vkuWjpAEcxSGkk/pBvslhUVFuHt+cnk2TIdCaBM+x4jFZ7F
apE0dmXKLt0jIB3lF7I6FwIDAQABo0UwQzAdBgNVHQ4EFgQUc2/SxDKcn4X9PJcF
6QT78I3gZegwEgYDVR0TAQH/BAgwBgEB/wIBBTAOBgNVHQ8BAf8EBAMCAgQwDQYJ
KoZIhvcNAQEEBQADgYEAU6IFCnXdVWCnFrcTySAk33RoWqWm3yMmtt3m0a5n2glz
QQBj+sQSnauq1eByhnhdEp7fKuth/pmErKs5obs2gacs9Lrzthh8h0eb2iGj2O+9
qbZsy+GfBDRfDcvSJAXsKYnIWuBoOZ9UjGPYxTEezK/N2ziJDJrty8gcSxa48Q8=
-----END CERTIFICATE-----
[CAPABILITIES]
Test root for different serial number
----------------------
capability = ReadDeviceData
capability = WriteDeviceData
capability = DRM
capability = AllFiles

Root5-RSA
----------------------
capability = ReadDeviceData
capability = WriteDeviceData
capability = DRM
capability = AllFiles

RSA TestRootRSA Chain Cert One
----------------------
capability = DRM
capability = NetworkServices

Test root for different serial number
----------------------
capability = ReadDeviceData
capability = WriteDeviceData
capability = DRM
capability = AllFiles


[MANDATORY]
Test root for different serial number = 1
Root5-RSA = 1
RSA TestRootRSA Chain Cert One = 0
Test root for different serial number = 0

