ROM Based SwiCertStore :

corrupted.dat: Is not a dat file 
or is a corrupt file

